filter{((element<20)&(element>10))}%>%map{element}
