filter{(1=1)}%>%map{(((element+10)/(element+10))*(element+10))}
