filter{((element+10)>10)}%>%map{((element+10)*(element+10))}
